#-----------------------------------------------------------
# Vivado v2019.2 (64-bit)
# SW Build 2708876 on Wed Nov  6 21:40:23 MST 2019
# IP Build 2700528 on Thu Nov  7 00:09:20 MST 2019
# Start of session at: Mon Dec 16 03:45:50 2019
# Process ID: 22096
# Current directory: C:/Users/milin_/Desktop/Advanced Computer Hardware Design/Mips_processorUARTAlphav2
# Command line: vivado.exe -gui_launcher_event rodinguilauncherevent13124 C:\Users\milin_\Desktop\Advanced Computer Hardware Design\Mips_processorUARTAlphav2\Mips_processorUARTAlphav2.xpr
# Log file: C:/Users/milin_/Desktop/Advanced Computer Hardware Design/Mips_processorUARTAlphav2/vivado.log
# Journal file: C:/Users/milin_/Desktop/Advanced Computer Hardware Design/Mips_processorUARTAlphav2\vivado.jou
#-----------------------------------------------------------
start_gui
open_project {C:/Users/milin_/Desktop/Advanced Computer Hardware Design/Mips_processorUARTAlphav2/Mips_processorUARTAlphav2.xpr}
update_compile_order -fileset sources_1
